( 0 )
( 0 )
( 1 2 3 4 )
( 1 4 )
( 0 1 3 )
( 2 4 )
