( 25 45 7 7 12 11 2 4 4 1 1 0 0 1 0 0 )
( 25 0 52 0 0 0 0 0 0 0 37 0 0 0 0 6 )
